[www.online-swapper.tk/index.html]
[www.online-swapper.tk/items/assets/images/g4-logo.png]
[backblue.gif]
[fade.gif]
[index.html]
[www.online-swapper.tk/items/assets/css/main.css]
[www.online-swapper.tk/index-2.html]
[www.online-swapper.tk/skins.html]
[www.online-swapper.tk/backpacks.html]
[www.online-swapper.tk/pickaxes.html]
[www.online-swapper.tk/other.html]
[www.online-swapper.tk/items/assets/images/fishstick.png]
[www.online-swapper.tk/index.html]
[www.online-swapper.tk/items/assets/css/cursor.png]
[www.online-swapper.tk/items/assets/css/main.css]
[www.online-swapper.tk/index-2.html]
[www.online-swapper.tk/items/assets/images/renegade-raider.png]
[www.online-swapper.tk/items/BlazeToRenegadeRaider.html]
[www.online-swapper.tk/items/assets/images/default-jonesy.png]
[www.online-swapper.tk/items/DarkJonesyToDefaultJonesy.html]
[www.online-swapper.tk/items/assets/images/love-ranger.png]
[www.online-swapper.tk/items/FrozenLoveRangerToLoveRanger.html]
[www.online-swapper.tk/items/assets/images/elite-agent.png]
[www.online-swapper.tk/items/WhiplashToEliteAgent.html]
[www.online-swapper.tk/skins.html]
[www.online-swapper.tk/items/FrozenFishstickToFishstick.html]
[www.online-swapper.tk/items/assets/images/black-shield.png]
[www.online-swapper.tk/items/RedShieldToBlackShield.html]
[www.online-swapper.tk/items/FrozenShieldToBlackShield.html]
[www.online-swapper.tk/items/DarkShieldToBlackShield.html]
[www.online-swapper.tk/items/assets/images/raven-quill.png]
[www.online-swapper.tk/backpacks.html]
[www.online-swapper.tk/items/DeadpoolRavenQuillToRavenQuill.html]
[www.online-swapper.tk/items/assets/images/candy-axe.png]
[www.online-swapper.tk/items/MerryMintToCandyAxe.html]
[www.online-swapper.tk/items/assets/images/crowbar.png]
[www.online-swapper.tk/pickaxes.html]
[www.online-swapper.tk/items/GoldCrowbarToCrowbar.html]
[www.online-swapper.tk/items/assets/images/download-icon.png]
[www.online-swapper.tk/items/assets/images/script-icon.png]
[www.online-swapper.tk/items/assets/images/discord-icon.png]
[www.online-swapper.tk/other.html]
[www.online-swapper.tk/items/assets/css/items.css]
[www.online-swapper.tk/gliders.html]
[www.online-swapper.tk/items/BlazeToRenegadeRaider.html]
[www.online-swapper.tk/items/DarkJonesyToDefaultJonesy.html]
[www.online-swapper.tk/items/FrozenLoveRangerToLoveRanger.html]
[www.online-swapper.tk/items/WhiplashToEliteAgent.html]
[www.online-swapper.tk/items/FrozenFishstickToFishstick.html]
[www.online-swapper.tk/items/RedShieldToBlackShield.html]
[www.online-swapper.tk/items/FrozenShieldToBlackShield.html]
[www.online-swapper.tk/items/DarkShieldToBlackShield.html]
[www.online-swapper.tk/items/DeadpoolRavenQuillToRavenQuill.html]
[www.online-swapper.tk/items/MerryMintToCandyAxe.html]
[www.online-swapper.tk/items/GoldCrowbarToCrowbar.html]
[www.online-swapper.tk/items/assets/css/items.css]
[www.online-swapper.tk/gliders.html]
[www.online-swapper.tk/items/assets/js/request.js]
